src/components/Earth/ISSBeacon.tsx(79,114): error TS2322: Type '{ map: Texture<unknown>; transparent: true; blending: 2; depthTest: false; renderOrder: number; }' is not assignable to type 'Mutable<Overwrite<Partial<Overwrite<SpriteMaterial, MathProps<SpriteMaterial> & ReactProps<SpriteMaterial>>>, Omit<...>>>'.
  Property 'renderOrder' does not exist on type 'Mutable<Overwrite<Partial<Overwrite<SpriteMaterial, MathProps<SpriteMaterial> & ReactProps<SpriteMaterial>>>, Omit<...>>>'.
src/components/Earth/ISSBeacon.tsx(103,126): error TS2322: Type '{ map: Texture<unknown>; transparent: true; blending: 2; depthTest: false; renderOrder: number; }' is not assignable to type 'Mutable<Overwrite<Partial<Overwrite<SpriteMaterial, MathProps<SpriteMaterial> & ReactProps<SpriteMaterial>>>, Omit<...>>>'.
  Property 'renderOrder' does not exist on type 'Mutable<Overwrite<Partial<Overwrite<SpriteMaterial, MathProps<SpriteMaterial> & ReactProps<SpriteMaterial>>>, Omit<...>>>'.
